Archive member included to satisfy reference by file (symbol)

C:\Users\eta\STM32Cube\Repository\STM32Cube_FW_F3_V1.9.1\Drivers\CMSIS\Lib\GCC\libarm_cortexM4lf_math.a(arm_pid_init_f32.o)
                              Src\disp_driver.o (arm_pid_init_f32)
c:/program files (x86)/atollic/truestudio for stm32 9.1.0/armtools/bin/../lib/gcc/arm-atollic-eabi/6.3.1/../../../../arm-atollic-eabi/lib/armv7e-m/fpu\libc_nano.a(lib_a-init.o)
                              startup\startup_stm32f303x8.o (__libc_init_array)
c:/program files (x86)/atollic/truestudio for stm32 9.1.0/armtools/bin/../lib/gcc/arm-atollic-eabi/6.3.1/../../../../arm-atollic-eabi/lib/armv7e-m/fpu\libc_nano.a(lib_a-memset.o)
                              Src\disp_driver.o (memset)
c:/program files (x86)/atollic/truestudio for stm32 9.1.0/armtools/bin/../lib/gcc/arm-atollic-eabi/6.3.1/armv7e-m/fpu\libgcc.a(_lshrdi3.o)
                              Drivers\STM32F3xx_HAL_Driver\Src\stm32f3xx_hal_flash.o (__aeabi_llsr)
c:/program files (x86)/atollic/truestudio for stm32 9.1.0/armtools/bin/../lib/gcc/arm-atollic-eabi/6.3.1/armv7e-m/fpu\libgcc.a(_arm_addsubdf3.o)
                              Src\disp_driver.o (__aeabi_dadd)
c:/program files (x86)/atollic/truestudio for stm32 9.1.0/armtools/bin/../lib/gcc/arm-atollic-eabi/6.3.1/armv7e-m/fpu\libgcc.a(_arm_muldivdf3.o)
                              Src\disp_driver.o (__aeabi_dmul)
c:/program files (x86)/atollic/truestudio for stm32 9.1.0/armtools/bin/../lib/gcc/arm-atollic-eabi/6.3.1/armv7e-m/fpu\libgcc.a(_arm_truncdfsf2.o)
                              Src\disp_driver.o (__aeabi_d2f)

Allocating common symbols
Common symbol       size              file

hdma_usart2_rx      0x44              Src\main.o
hopamp2             0x34              Src\main.o
hadc2               0x54              Src\main.o
uwTick              0x4               Drivers\STM32F3xx_HAL_Driver\Src\stm32f3xx_hal.o
pFlash              0x20              Drivers\STM32F3xx_HAL_Driver\Src\stm32f3xx_hal_flash.o
hdma_usart2_tx      0x44              Src\main.o
hencoder1           0xc               Src\main.o
htim1               0x40              Src\main.o
hdriver1            0x74              Src\main.o
htim2               0x40              Src\main.o
huart2              0x70              Src\main.o
htim7               0x40              Src\main.o

Discarded input sections

 .text          0x00000000        0x0 c:/program files (x86)/atollic/truestudio for stm32 9.1.0/armtools/bin/../lib/gcc/arm-atollic-eabi/6.3.1/armv7e-m/fpu/crti.o
 .data          0x00000000        0x0 c:/program files (x86)/atollic/truestudio for stm32 9.1.0/armtools/bin/../lib/gcc/arm-atollic-eabi/6.3.1/armv7e-m/fpu/crti.o
 .bss           0x00000000        0x0 c:/program files (x86)/atollic/truestudio for stm32 9.1.0/armtools/bin/../lib/gcc/arm-atollic-eabi/6.3.1/armv7e-m/fpu/crti.o
 .data          0x00000000        0x4 c:/program files (x86)/atollic/truestudio for stm32 9.1.0/armtools/bin/../lib/gcc/arm-atollic-eabi/6.3.1/armv7e-m/fpu/crtbegin.o
 .group         0x00000000        0x8 Drivers\STM32F3xx_HAL_Driver\Src\stm32f3xx_hal.o
 .group         0x00000000        0x8 Drivers\STM32F3xx_HAL_Driver\Src\stm32f3xx_hal.o
 .group         0x00000000        0x8 Drivers\STM32F3xx_HAL_Driver\Src\stm32f3xx_hal.o
 .group         0x00000000        0x8 Drivers\STM32F3xx_HAL_Driver\Src\stm32f3xx_hal.o
 .group         0x00000000        0x8 Drivers\STM32F3xx_HAL_Driver\Src\stm32f3xx_hal.o
 .group         0x00000000        0x8 Drivers\STM32F3xx_HAL_Driver\Src\stm32f3xx_hal.o
 .group         0x00000000        0x8 Drivers\STM32F3xx_HAL_Driver\Src\stm32f3xx_hal.o
 .group         0x00000000        0x8 Drivers\STM32F3xx_HAL_Driver\Src\stm32f3xx_hal.o
 .group         0x00000000        0x8 Drivers\STM32F3xx_HAL_Driver\Src\stm32f3xx_hal.o
 .group         0x00000000        0x8 Drivers\STM32F3xx_HAL_Driver\Src\stm32f3xx_hal.o
 .group         0x00000000        0x8 Drivers\STM32F3xx_HAL_Driver\Src\stm32f3xx_hal.o
 .group         0x00000000        0x8 Drivers\STM32F3xx_HAL_Driver\Src\stm32f3xx_hal.o
 .group         0x00000000        0x8 Drivers\STM32F3xx_HAL_Driver\Src\stm32f3xx_hal.o
 .group         0x00000000        0x8 Drivers\STM32F3xx_HAL_Driver\Src\stm32f3xx_hal.o
 .group         0x00000000        0x8 Drivers\STM32F3xx_HAL_Driver\Src\stm32f3xx_hal.o
 .group         0x00000000        0x8 Drivers\STM32F3xx_HAL_Driver\Src\stm32f3xx_hal.o
 .group         0x00000000        0x8 Drivers\STM32F3xx_HAL_Driver\Src\stm32f3xx_hal.o
 .group         0x00000000        0x8 Drivers\STM32F3xx_HAL_Driver\Src\stm32f3xx_hal.o
 .group         0x00000000        0x8 Drivers\STM32F3xx_HAL_Driver\Src\stm32f3xx_hal.o
 .group         0x00000000        0x8 Drivers\STM32F3xx_HAL_Driver\Src\stm32f3xx_hal.o
 .group         0x00000000        0x8 Drivers\STM32F3xx_HAL_Driver\Src\stm32f3xx_hal.o
 .group         0x00000000        0x8 Drivers\STM32F3xx_HAL_Driver\Src\stm32f3xx_hal.o
[...]
Memory Configuration

Name             Origin             Length             Attributes
RAM              0x20000000         0x00003000         xrw
CCMRAM           0x10000000         0x00001000         rw
FLASH            0x08000000         0x00010000         xr
*default*        0x00000000         0xffffffff

Linker script and memory map

LOAD c:/program files (x86)/atollic/truestudio for stm32 9.1.0/armtools/bin/../lib/gcc/arm-atollic-eabi/6.3.1/armv7e-m/fpu/crti.o
LOAD c:/program files (x86)/atollic/truestudio for stm32 9.1.0/armtools/bin/../lib/gcc/arm-atollic-eabi/6.3.1/armv7e-m/fpu/crtbegin.o
LOAD Drivers\STM32F3xx_HAL_Driver\Src\stm32f3xx_hal.o
LOAD Drivers\STM32F3xx_HAL_Driver\Src\stm32f3xx_hal_adc.o
LOAD Drivers\STM32F3xx_HAL_Driver\Src\stm32f3xx_hal_adc_ex.o
LOAD Drivers\STM32F3xx_HAL_Driver\Src\stm32f3xx_hal_cortex.o
LOAD Drivers\STM32F3xx_HAL_Driver\Src\stm32f3xx_hal_dma.o
LOAD Drivers\STM32F3xx_HAL_Driver\Src\stm32f3xx_hal_flash.o
LOAD Drivers\STM32F3xx_HAL_Driver\Src\stm32f3xx_hal_flash_ex.o
LOAD Drivers\STM32F3xx_HAL_Driver\Src\stm32f3xx_hal_gpio.o
LOAD Drivers\STM32F3xx_HAL_Driver\Src\stm32f3xx_hal_i2c.o
LOAD Drivers\STM32F3xx_HAL_Driver\Src\stm32f3xx_hal_i2c_ex.o
LOAD Drivers\STM32F3xx_HAL_Driver\Src\stm32f3xx_hal_opamp.o
LOAD Drivers\STM32F3xx_HAL_Driver\Src\stm32f3xx_hal_opamp_ex.o
LOAD Drivers\STM32F3xx_HAL_Driver\Src\stm32f3xx_hal_pwr.o
LOAD Drivers\STM32F3xx_HAL_Driver\Src\stm32f3xx_hal_pwr_ex.o
LOAD Drivers\STM32F3xx_HAL_Driver\Src\stm32f3xx_hal_rcc.o
LOAD Drivers\STM32F3xx_HAL_Driver\Src\stm32f3xx_hal_rcc_ex.o
LOAD Drivers\STM32F3xx_HAL_Driver\Src\stm32f3xx_hal_tim.o
LOAD Drivers\STM32F3xx_HAL_Driver\Src\stm32f3xx_hal_tim_ex.o
LOAD Drivers\STM32F3xx_HAL_Driver\Src\stm32f3xx_hal_uart.o
LOAD Drivers\STM32F3xx_HAL_Driver\Src\stm32f3xx_hal_uart_ex.o
LOAD Src\disp_driver.o
LOAD Src\encoder.o
LOAD Src\main.o
LOAD Src\serial_io.o
LOAD Src\stm32f3xx_hal_msp.o
LOAD Src\stm32f3xx_it.o
LOAD Src\system_stm32f3xx.o
LOAD startup\startup_stm32f303x8.o
LOAD C:\Users\eta\STM32Cube\Repository\STM32Cube_FW_F3_V1.9.1\Drivers\CMSIS\Lib\GCC\libarm_cortexM4lf_math.a
                0x00000080                malloc_getpagesize_P = 0x80
START GROUP
LOAD c:/program files (x86)/atollic/truestudio for stm32 9.1.0/armtools/bin/../lib/gcc/arm-atollic-eabi/6.3.1/../../../../arm-atollic-eabi/lib/armv7e-m/fpu\libc_nano.a
LOAD c:/program files (x86)/atollic/truestudio for stm32 9.1.0/armtools/bin/../lib/gcc/arm-atollic-eabi/6.3.1/../../../../arm-atollic-eabi/lib/armv7e-m/fpu\libm.a
END GROUP
START GROUP
LOAD c:/program files (x86)/atollic/truestudio for stm32 9.1.0/armtools/bin/../lib/gcc/arm-atollic-eabi/6.3.1/armv7e-m/fpu\libgcc.a
LOAD c:/program files (x86)/atollic/truestudio for stm32 9.1.0/armtools/bin/../lib/gcc/arm-atollic-eabi/6.3.1/../../../../arm-atollic-eabi/lib/armv7e-m/fpu\libc_nano.a
END GROUP
START GROUP
LOAD c:/program files (x86)/atollic/truestudio for stm32 9.1.0/armtools/bin/../lib/gcc/arm-atollic-eabi/6.3.1/armv7e-m/fpu\libgcc.a
LOAD c:/program files (x86)/atollic/truestudio for stm32 9.1.0/armtools/bin/../lib/gcc/arm-atollic-eabi/6.3.1/../../../../arm-atollic-eabi/lib/armv7e-m/fpu\libc_nano.a
LOAD c:/program files (x86)/atollic/truestudio for stm32 9.1.0/armtools/bin/../lib/gcc/arm-atollic-eabi/6.3.1/../../../../arm-atollic-eabi/lib/armv7e-m/fpu\libnosys.a
END GROUP
START GROUP
LOAD c:/program files (x86)/atollic/truestudio for stm32 9.1.0/armtools/bin/../lib/gcc/arm-atollic-eabi/6.3.1/armv7e-m/fpu\libgcc.a
LOAD c:/program files (x86)/atollic/truestudio for stm32 9.1.0/armtools/bin/../lib/gcc/arm-atollic-eabi/6.3.1/../../../../arm-atollic-eabi/lib/armv7e-m/fpu\libc_nano.a
LOAD c:/program files (x86)/atollic/truestudio for stm32 9.1.0/armtools/bin/../lib/gcc/arm-atollic-eabi/6.3.1/../../../../arm-atollic-eabi/lib/armv7e-m/fpu\libnosys.a
END GROUP
LOAD c:/program files (x86)/atollic/truestudio for stm32 9.1.0/armtools/bin/../lib/gcc/arm-atollic-eabi/6.3.1/armv7e-m/fpu/crtend.o
LOAD c:/program files (x86)/atollic/truestudio for stm32 9.1.0/armtools/bin/../lib/gcc/arm-atollic-eabi/6.3.1/armv7e-m/fpu/crtn.o
                0x20003000                _estack = 0x20003000
                0x00000200                _Min_Heap_Size = 0x200
                0x00000400                _Min_Stack_Size = 0x400

.isr_vector     0x08000000      0x188
                0x08000000                . = ALIGN (0x4)
 *(.isr_vector)
 .isr_vector    0x08000000      0x188 startup\startup_stm32f303x8.o
                0x08000000                g_pfnVectors
                0x08000188                . = ALIGN (0x4)

.text           0x08000188     0x377c
                0x08000188                . = ALIGN (0x4)
 *(.text)
 .text          0x08000188       0x40 c:/program files (x86)/atollic/truestudio for stm32 9.1.0/armtools/bin/../lib/gcc/arm-atollic-eabi/6.3.1/armv7e-m/fpu/crtbegin.o
 .text          0x080001c8      0x370 c:/program files (x86)/atollic/truestudio for stm32 9.1.0/armtools/bin/../lib/gcc/arm-atollic-eabi/6.3.1/armv7e-m/fpu\libgcc.a(_arm_addsubdf3.o)
                0x080001c8                __aeabi_drsub
                0x080001d0                __aeabi_dsub
                0x080001d0                __subdf3
                0x080001d4                __aeabi_dadd
                0x080001d4                __adddf3
                0x0800044c                __floatunsidf
                0x0800044c                __aeabi_ui2d
                0x0800046c                __floatsidf
                0x0800046c                __aeabi_i2d
                0x08000490                __aeabi_f2d
                0x08000490                __extendsfdf2
                0x080004cc                __floatundidf
                0x080004cc                __aeabi_ul2d
                0x080004dc                __floatdidf
                0x080004dc                __aeabi_l2d
 .text          0x08000538      0x424 c:/program files (x86)/atollic/truestudio for stm32 9.1.0/armtools/bin/../lib/gcc/arm-atollic-eabi/6.3.1/armv7e-m/fpu\libgcc.a(_arm_muldivdf3.o)
                0x08000538                __aeabi_dmul
                0x08000538                __muldf3
                0x0800078c                __divdf3
                0x0800078c                __aeabi_ddiv
 .text          0x0800095c       0xa0 c:/program files (x86)/atollic/truestudio for stm32 9.1.0/armtools/bin/../lib/gcc/arm-atollic-eabi/6.3.1/armv7e-m/fpu\libgcc.a(_arm_truncdfsf2.o)
                0x0800095c                __truncdfsf2
                0x0800095c                __aeabi_d2f
 *(.text*)
 .text.HAL_InitTick
                0x080009fc       0x48 Drivers\STM32F3xx_HAL_Driver\Src\stm32f3xx_hal.o
                0x080009fc                HAL_InitTick
 .text.HAL_Init
                0x08000a44       0x24 Drivers\STM32F3xx_HAL_Driver\Src\stm32f3xx_hal.o
                0x08000a44                HAL_Init
 .text.HAL_IncTick
                0x08000a68       0x18 Drivers\STM32F3xx_HAL_Driver\Src\stm32f3xx_hal.o
                0x08000a68                HAL_IncTick
 .text.HAL_GetTick
                0x08000a80        0xc Drivers\STM32F3xx_HAL_Driver\Src\stm32f3xx_hal.o
                0x08000a80                HAL_GetTick
 .text.ADC_Disable
                0x08000a8c       0x6e Drivers\STM32F3xx_HAL_Driver\Src\stm32f3xx_hal_adc_ex.o
 *fill*         0x08000afa        0x2 
 .text.HAL_ADC_Init
                0x08000afc      0x1f0 Drivers\STM32F3xx_HAL_Driver\Src\stm32f3xx_hal_adc_ex.o
                0x08000afc                HAL_ADC_Init
 .text.HAL_ADC_ConfigChannel
                0x08000cec      0x300 Drivers\STM32F3xx_HAL_Driver\Src\stm32f3xx_hal_adc_ex.o
                0x08000cec                HAL_ADC_ConfigChannel
 .text.HAL_NVIC_SetPriorityGrouping
                0x08000fec       0x24 Drivers\STM32F3xx_HAL_Driver\Src\stm32f3xx_hal_cortex.o
                0x08000fec                HAL_NVIC_SetPriorityGrouping
 .text.HAL_NVIC_SetPriority
                0x08001010       0x68 Drivers\STM32F3xx_HAL_Driver\Src\stm32f3xx_hal_cortex.o
                0x08001010                HAL_NVIC_SetPriority
 .text.HAL_NVIC_EnableIRQ
                0x08001078       0x18 Drivers\STM32F3xx_HAL_Driver\Src\stm32f3xx_hal_cortex.o
                0x08001078                HAL_NVIC_EnableIRQ
 .text.HAL_SYSTICK_Config
                0x08001090       0x2c Drivers\STM32F3xx_HAL_Driver\Src\stm32f3xx_hal_cortex.o
                0x08001090                HAL_SYSTICK_Config
 .text.HAL_SYSTICK_CLKSourceConfig
                0x080010bc       0x18 Drivers\STM32F3xx_HAL_Driver\Src\stm32f3xx_hal_cortex.o
                0x080010bc                HAL_SYSTICK_CLKSourceConfig
 .text.HAL_SYSTICK_Callback
                0x080010d4        0x2 Drivers\STM32F3xx_HAL_Driver\Src\stm32f3xx_hal_cortex.o
                0x080010d4                HAL_SYSTICK_Callback
 .text.HAL_SYSTICK_IRQHandler
                0x080010d6        0x8 Drivers\STM32F3xx_HAL_Driver\Src\stm32f3xx_hal_cortex.o
                0x080010d6                HAL_SYSTICK_IRQHandler
 *fill*         0x080010de        0x2 
 .text.HAL_DMA_Init
                0x080010e0       0x68 Drivers\STM32F3xx_HAL_Driver\Src\stm32f3xx_hal_dma.o
                0x080010e0                HAL_DMA_Init
 .text.HAL_DMA_Abort_IT
                0x08001148       0x48 Drivers\STM32F3xx_HAL_Driver\Src\stm32f3xx_hal_dma.o
                0x08001148                HAL_DMA_Abort_IT
 .text.HAL_DMA_IRQHandler
                0x08001190       0x90 Drivers\STM32F3xx_HAL_Driver\Src\stm32f3xx_hal_dma.o
                0x08001190                HAL_DMA_IRQHandler
 .text.HAL_GPIO_Init
                0x08001220      0x174 Drivers\STM32F3xx_HAL_Driver\Src\stm32f3xx_hal_gpio.o
                0x08001220                HAL_GPIO_Init
 .text.HAL_GPIO_WritePin
                0x08001394        0xa Drivers\STM32F3xx_HAL_Driver\Src\stm32f3xx_hal_gpio.o
                0x08001394                HAL_GPIO_WritePin
 *fill*         0x0800139e        0x2 
 .text.HAL_GPIO_EXTI_IRQHandler
                0x080013a0       0x18 Drivers\STM32F3xx_HAL_Driver\Src\stm32f3xx_hal_gpio.o
                0x080013a0                HAL_GPIO_EXTI_IRQHandler
 .text.HAL_OPAMP_Init
                0x080013b8       0xe8 Drivers\STM32F3xx_HAL_Driver\Src\stm32f3xx_hal_opamp.o
                0x080013b8                HAL_OPAMP_Init
 .text.HAL_RCC_OscConfig
                0x080014a0      0x4e4 Drivers\STM32F3xx_HAL_Driver\Src\stm32f3xx_hal_rcc.o
                0x080014a0                HAL_RCC_OscConfig
 .text.HAL_RCC_GetSysClockFreq
                0x08001984       0x64 Drivers\STM32F3xx_HAL_Driver\Src\stm32f3xx_hal_rcc.o
                0x08001984                HAL_RCC_GetSysClockFreq
 .text.HAL_RCC_ClockConfig
                0x080019e8      0x184 Drivers\STM32F3xx_HAL_Driver\Src\stm32f3xx_hal_rcc.o
                0x080019e8                HAL_RCC_ClockConfig
 .text.HAL_RCC_GetHCLKFreq
                0x08001b6c        0xc Drivers\STM32F3xx_HAL_Driver\Src\stm32f3xx_hal_rcc.o
                0x08001b6c                HAL_RCC_GetHCLKFreq
 .text.HAL_RCC_GetPCLK1Freq
                0x08001b78       0x30 Drivers\STM32F3xx_HAL_Driver\Src\stm32f3xx_hal_rcc.o
                0x08001b78                HAL_RCC_GetPCLK1Freq
 .text.HAL_RCC_GetPCLK2Freq
                0x08001ba8       0x30 Drivers\STM32F3xx_HAL_Driver\Src\stm32f3xx_hal_rcc.o
                0x08001ba8                HAL_RCC_GetPCLK2Freq
 .text.HAL_RCCEx_PeriphCLKConfig
                0x08001bd8      0x15c Drivers\STM32F3xx_HAL_Driver\Src\stm32f3xx_hal_rcc_ex.o
                0x08001bd8                HAL_RCCEx_PeriphCLKConfig
 .text.HAL_TIM_Base_Start_IT
                0x08001d34       0x16 Drivers\STM32F3xx_HAL_Driver\Src\stm32f3xx_hal_tim.o
                0x08001d34                HAL_TIM_Base_Start_IT
 .text.HAL_TIM_Base_Stop_IT
                0x08001d4a       0x2a Drivers\STM32F3xx_HAL_Driver\Src\stm32f3xx_hal_tim.o
                0x08001d4a                HAL_TIM_Base_Stop_IT
 .text.HAL_TIM_PWM_MspInit
                0x08001d74        0x2 Drivers\STM32F3xx_HAL_Driver\Src\stm32f3xx_hal_tim.o
                0x08001d74                HAL_TIM_PWM_MspInit
 .text.HAL_TIM_Encoder_Start
                0x08001d76       0x44 Drivers\STM32F3xx_HAL_Driver\Src\stm32f3xx_hal_tim.o
                0x08001d76                HAL_TIM_Encoder_Start
 .text.HAL_TIM_OC_DelayElapsedCallback
                0x08001dba        0x2 Drivers\STM32F3xx_HAL_Driver\Src\stm32f3xx_hal_tim.o
                0x08001dba                HAL_TIM_OC_DelayElapsedCallback
 .text.HAL_TIM_IC_CaptureCallback
                0x08001dbc        0x2 Drivers\STM32F3xx_HAL_Driver\Src\stm32f3xx_hal_tim.o
                0x08001dbc                HAL_TIM_IC_CaptureCallback
 .text.HAL_TIM_PWM_PulseFinishedCallback
                0x08001dbe        0x2 Drivers\STM32F3xx_HAL_Driver\Src\stm32f3xx_hal_tim.o
                0x08001dbe                HAL_TIM_PWM_PulseFinishedCallback
 .text.HAL_TIM_TriggerCallback
                0x08001dc0        0x2 Drivers\STM32F3xx_HAL_Driver\Src\stm32f3xx_hal_tim.o
                0x08001dc0                HAL_TIM_TriggerCallback
 .text.HAL_TIM_IRQHandler
                0x08001dc2      0x160 Drivers\STM32F3xx_HAL_Driver\Src\stm32f3xx_hal_tim.o
                0x08001dc2                HAL_TIM_IRQHandler
 *fill*         0x08001f22        0x2 
 .text.TIM_Base_SetConfig
                0x08001f24       0x94 Drivers\STM32F3xx_HAL_Driver\Src\stm32f3xx_hal_tim.o
                0x08001f24                TIM_Base_SetConfig
 .text.HAL_TIM_Base_Init
                0x08001fb8       0x34 Drivers\STM32F3xx_HAL_Driver\Src\stm32f3xx_hal_tim.o
                0x08001fb8                HAL_TIM_Base_Init
 .text.HAL_TIM_PWM_Init
                0x08001fec       0x34 Drivers\STM32F3xx_HAL_Driver\Src\stm32f3xx_hal_tim.o
                0x08001fec                HAL_TIM_PWM_Init
 .text.HAL_TIM_Encoder_Init
                0x08002020       0x96 Drivers\STM32F3xx_HAL_Driver\Src\stm32f3xx_hal_tim.o
                0x08002020                HAL_TIM_Encoder_Init
 *fill*         0x080020b6        0x2 
 .text.TIM_OC1_SetConfig
                0x080020b8       0x88 Drivers\STM32F3xx_HAL_Driver\Src\stm32f3xx_hal_tim.o
                0x080020b8                TIM_OC1_SetConfig
 .text.TIM_OC2_SetConfig
                0x08002140       0x78 Drivers\STM32F3xx_HAL_Driver\Src\stm32f3xx_hal_tim.o
                0x08002140                TIM_OC2_SetConfig
 .text.TIM_OC3_SetConfig
                0x080021b8       0x78 Drivers\STM32F3xx_HAL_Driver\Src\stm32f3xx_hal_tim.o
                0x080021b8                TIM_OC3_SetConfig
 .text.TIM_OC4_SetConfig
                0x08002230       0x60 Drivers\STM32F3xx_HAL_Driver\Src\stm32f3xx_hal_tim.o
                0x08002230                TIM_OC4_SetConfig
 .text.TIM_ETR_SetConfig
                0x08002290       0x14 Drivers\STM32F3xx_HAL_Driver\Src\stm32f3xx_hal_tim.o
                0x08002290                TIM_ETR_SetConfig
 .text.HAL_TIM_ConfigClockSource
                0x080022a4      0x16c Drivers\STM32F3xx_HAL_Driver\Src\stm32f3xx_hal_tim.o
                0x080022a4                HAL_TIM_ConfigClockSource
 .text.TIM_CCxChannelCmd
                0x08002410       0x18 Drivers\STM32F3xx_HAL_Driver\Src\stm32f3xx_hal_tim.o
                0x08002410                TIM_CCxChannelCmd
 .text.TIM_OC5_SetConfig
                0x08002428       0x60 Drivers\STM32F3xx_HAL_Driver\Src\stm32f3xx_hal_tim_ex.o
 .text.TIM_OC6_SetConfig
                0x08002488       0x60 Drivers\STM32F3xx_HAL_Driver\Src\stm32f3xx_hal_tim_ex.o
 .text.HAL_TIM_PWM_ConfigChannel
                0x080024e8      0x10e Drivers\STM32F3xx_HAL_Driver\Src\stm32f3xx_hal_tim_ex.o
                0x080024e8                HAL_TIM_PWM_ConfigChannel
 *fill*         0x080025f6        0x2 
 .text.HAL_TIMEx_MasterConfigSynchronization
                0x080025f8       0x44 Drivers\STM32F3xx_HAL_Driver\Src\stm32f3xx_hal_tim_ex.o
                0x080025f8                HAL_TIMEx_MasterConfigSynchronization
 .text.HAL_TIMEx_ConfigBreakDeadTime
                0x0800263c       0x7c Drivers\STM32F3xx_HAL_Driver\Src\stm32f3xx_hal_tim_ex.o
                0x0800263c                HAL_TIMEx_ConfigBreakDeadTime
 .text.HAL_TIMEx_CommutationCallback
                0x080026b8        0x2 Drivers\STM32F3xx_HAL_Driver\Src\stm32f3xx_hal_tim_ex.o
                0x080026b8                HAL_TIMEx_CommutationCallback
 .text.HAL_TIMEx_BreakCallback
                0x080026ba        0x2 Drivers\STM32F3xx_HAL_Driver\Src\stm32f3xx_hal_tim_ex.o
                0x080026ba                HAL_TIMEx_BreakCallback
 .text.HAL_TIMEx_Break2Callback
                0x080026bc        0x2 Drivers\STM32F3xx_HAL_Driver\Src\stm32f3xx_hal_tim_ex.o
                0x080026bc                HAL_TIMEx_Break2Callback
 .text.UART_EndRxTransfer
                0x080026be       0x1a Drivers\STM32F3xx_HAL_Driver\Src\stm32f3xx_hal_uart.o
 .text.HAL_UART_TxCpltCallback
                0x080026d8        0x2 Drivers\STM32F3xx_HAL_Driver\Src\stm32f3xx_hal_uart.o
                0x080026d8                HAL_UART_TxCpltCallback
 .text.HAL_UART_RxCpltCallback
                0x080026da        0x2 Drivers\STM32F3xx_HAL_Driver\Src\stm32f3xx_hal_uart.o
                0x080026da                HAL_UART_RxCpltCallback
 .text.HAL_UART_ErrorCallback
                0x080026dc        0x2 Drivers\STM32F3xx_HAL_Driver\Src\stm32f3xx_hal_uart.o
                0x080026dc                HAL_UART_ErrorCallback
 .text.UART_DMAAbortOnError
                0x080026de       0x14 Drivers\STM32F3xx_HAL_Driver\Src\stm32f3xx_hal_uart.o
 *fill*         0x080026f2        0x2 
 .text.UART_SetConfig
                0x080026f4      0x14c Drivers\STM32F3xx_HAL_Driver\Src\stm32f3xx_hal_uart.o
                0x080026f4                UART_SetConfig
 .text.UART_AdvFeatureConfig
                0x08002840       0xa8 Drivers\STM32F3xx_HAL_Driver\Src\stm32f3xx_hal_uart.o
                0x08002840                UART_AdvFeatureConfig
 .text.UART_WaitOnFlagUntilTimeout
                0x080028e8       0x62 Drivers\STM32F3xx_HAL_Driver\Src\stm32f3xx_hal_uart.o
                0x080028e8                UART_WaitOnFlagUntilTimeout
 .text.UART_CheckIdleState
                0x0800294a       0x64 Drivers\STM32F3xx_HAL_Driver\Src\stm32f3xx_hal_uart.o
                0x0800294a                UART_CheckIdleState
 .text.HAL_UART_Init
                0x080029ae       0x64 Drivers\STM32F3xx_HAL_Driver\Src\stm32f3xx_hal_uart.o
                0x080029ae                HAL_UART_Init
 .text.UART_Transmit_IT
                0x08002a12       0x5c Drivers\STM32F3xx_HAL_Driver\Src\stm32f3xx_hal_uart.o
                0x08002a12                UART_Transmit_IT
 .text.UART_EndTransmit_IT
                0x08002a6e       0x1a Drivers\STM32F3xx_HAL_Driver\Src\stm32f3xx_hal_uart.o
                0x08002a6e                UART_EndTransmit_IT
 .text.UART_Receive_IT
                0x08002a88       0x6c Drivers\STM32F3xx_HAL_Driver\Src\stm32f3xx_hal_uart.o
                0x08002a88                UART_Receive_IT
 .text.HAL_UART_IRQHandler
                0x08002af4      0x12c Drivers\STM32F3xx_HAL_Driver\Src\stm32f3xx_hal_uart.o
                0x08002af4                HAL_UART_IRQHandler
 .text.HAL_UARTEx_WakeupCallback
                0x08002c20        0x2 Drivers\STM32F3xx_HAL_Driver\Src\stm32f3xx_hal_uart_ex.o
                0x08002c20                HAL_UARTEx_WakeupCallback
 .text.HAL_DRIVER_Init
                0x08002c22       0x3e Src\disp_driver.o
                0x08002c22                HAL_DRIVER_Init
 .text.HAL_DRIVER_Start_PID
                0x08002c60       0xa0 Src\disp_driver.o
                0x08002c60                HAL_DRIVER_Start_PID
 .text.HAL_DRIVER_Dispense
                0x08002d00       0x1a Src\disp_driver.o
                0x08002d00                HAL_DRIVER_Dispense
 .text.HAL_DRIVER_Stop_PID
                0x08002d1a       0x40 Src\disp_driver.o
                0x08002d1a                HAL_DRIVER_Stop_PID
 *fill*         0x08002d5a        0x6 
 .text.HAL_DRIVER_Update_PID
                0x08002d60      0x24c Src\disp_driver.o
                0x08002d60                HAL_DRIVER_Update_PID
 .text.HAL_ENC_Init
                0x08002fac       0x1e Src\encoder.o
                0x08002fac                HAL_ENC_Init
 .text.HAL_ENC_GetPosition
                0x08002fca       0x12 Src\encoder.o
                0x08002fca                HAL_ENC_GetPosition
 .text.HAL_ENC_Clear_CNT
                0x08002fdc       0x14 Src\encoder.o
                0x08002fdc                HAL_ENC_Clear_CNT
 .text.HAL_ENC_Index_Callback
                0x08002ff0       0x38 Src\encoder.o
                0x08002ff0                HAL_ENC_Index_Callback
 .text.SystemClock_Config
                0x08003028       0x82 Src\main.o
                0x08003028                SystemClock_Config
 *fill*         0x080030aa        0x2 
 .text.startup.main
                0x080030ac      0x378 Src\main.o
                0x080030ac                main
 .text._Error_Handler
                0x08003424        0x2 Src\main.o
                0x08003424                _Error_Handler
 *fill*         0x08003426        0x2 
 .text.HAL_MspInit
                0x08003428       0x8c Src\stm32f3xx_hal_msp.o
                0x08003428                HAL_MspInit
 .text.HAL_ADC_MspInit
                0x080034b4       0x2c Src\stm32f3xx_hal_msp.o
                0x080034b4                HAL_ADC_MspInit
 .text.HAL_OPAMP_MspInit
                0x080034e0       0x2c Src\stm32f3xx_hal_msp.o
                0x080034e0                HAL_OPAMP_MspInit
 .text.HAL_TIM_Base_MspInit
                0x0800350c       0x5c Src\stm32f3xx_hal_msp.o
                0x0800350c                HAL_TIM_Base_MspInit
 .text.HAL_TIM_Encoder_MspInit
                0x08003568       0x52 Src\stm32f3xx_hal_msp.o
                0x08003568                HAL_TIM_Encoder_MspInit
 *fill*         0x080035ba        0x2 
 .text.HAL_TIM_MspPostInit
                0x080035bc       0x4c Src\stm32f3xx_hal_msp.o
                0x080035bc                HAL_TIM_MspPostInit
 .text.HAL_UART_MspInit
                0x08003608       0xcc Src\stm32f3xx_hal_msp.o
                0x08003608                HAL_UART_MspInit
 .text.SysTick_Handler
                0x080036d4        0xe Src\stm32f3xx_it.o
                0x080036d4                SysTick_Handler
 .text.EXTI1_IRQHandler
                0x080036e2        0x6 Src\stm32f3xx_it.o
                0x080036e2                EXTI1_IRQHandler
 .text.EXTI4_IRQHandler
                0x080036e8        0x6 Src\stm32f3xx_it.o
                0x080036e8                EXTI4_IRQHandler
 *fill*         0x080036ee        0x2 
 .text.DMA1_Channel6_IRQHandler
                0x080036f0        0xc Src\stm32f3xx_it.o
                0x080036f0                DMA1_Channel6_IRQHandler
 .text.DMA1_Channel7_IRQHandler
                0x080036fc        0xc Src\stm32f3xx_it.o
                0x080036fc                DMA1_Channel7_IRQHandler
 .text.EXTI9_5_IRQHandler
                0x08003708        0x8 Src\stm32f3xx_it.o
                0x08003708                EXTI9_5_IRQHandler
 .text.TIM2_IRQHandler
                0x08003710        0xc Src\stm32f3xx_it.o
                0x08003710                TIM2_IRQHandler
 .text.USART2_IRQHandler
                0x0800371c        0xc Src\stm32f3xx_it.o
                0x0800371c                USART2_IRQHandler
 .text.TIM7_DAC2_IRQHandler
                0x08003728        0xc Src\stm32f3xx_it.o
                0x08003728                TIM7_DAC2_IRQHandler
 .text.HAL_TIM_PeriodElapsedCallback
                0x08003734       0x18 Src\stm32f3xx_it.o
                0x08003734                HAL_TIM_PeriodElapsedCallback
 .text.HAL_GPIO_EXTI_Callback
                0x0800374c       0x40 Src\stm32f3xx_it.o
                0x0800374c                HAL_GPIO_EXTI_Callback
 .text.SystemInit
                0x0800378c       0x68 Src\system_stm32f3xx.o
                0x0800378c                SystemInit
 .text.Reset_Handler
                0x080037f4       0x50 startup\startup_stm32f303x8.o
                0x080037f4                Reset_Handler
 .text.Default_Handler
                0x08003844        0x2 startup\startup_stm32f303x8.o
                0x08003844                RTC_Alarm_IRQHandler
                0x08003844                DebugMon_Handler
                0x08003844                TIM1_CC_IRQHandler
                0x08003844                HardFault_Handler
                0x08003844                PVD_IRQHandler
                0x08003844                TAMP_STAMP_IRQHandler
                0x08003844                PendSV_Handler
                0x08003844                NMI_Handler
                0x08003844                EXTI3_IRQHandler
                0x08003844                EXTI0_IRQHandler
                0x08003844                FPU_IRQHandler
                0x08003844                CAN_TX_IRQHandler
                0x08003844                TIM1_UP_TIM16_IRQHandler
                0x08003844                UsageFault_Handler
                0x08003844                ADC1_2_IRQHandler
                0x08003844                SPI1_IRQHandler
                0x08003844                CAN_SCE_IRQHandler
                0x08003844                DMA1_Channel4_IRQHandler
                0x08003844                USART3_IRQHandler
                0x08003844                CAN_RX1_IRQHandler
                0x08003844                I2C1_EV_IRQHandler
                0x08003844                TIM3_IRQHandler
                0x08003844                RCC_IRQHandler
                0x08003844                DMA1_Channel1_IRQHandler
                0x08003844                Default_Handler
                0x08003844                EXTI15_10_IRQHandler
                0x08003844                COMP2_IRQHandler
                0x08003844                TIM6_DAC1_IRQHandler
                0x08003844                RTC_WKUP_IRQHandler
                0x08003844                MemManage_Handler
                0x08003844                SVC_Handler
                0x08003844                DMA1_Channel5_IRQHandler
                0x08003844                TIM1_TRG_COM_TIM17_IRQHandler
                0x08003844                DMA1_Channel3_IRQHandler
                0x08003844                WWDG_IRQHandler
                0x08003844                COMP4_6_IRQHandler
                0x08003844                DMA1_Channel2_IRQHandler
                0x08003844                FLASH_IRQHandler
                0x08003844                BusFault_Handler
                0x08003844                USART1_IRQHandler
                0x08003844                CAN_RX0_IRQHandler
                0x08003844                I2C1_ER_IRQHandler
                0x08003844                EXTI2_TSC_IRQHandler
                0x08003844                TIM1_BRK_TIM15_IRQHandler
 *fill*         0x08003846        0x2 
 .text.arm_pid_init_f32
                0x08003848       0x4c C:\Users\eta\STM32Cube\Repository\STM32Cube_FW_F3_V1.9.1\Drivers\CMSIS\Lib\GCC\libarm_cortexM4lf_math.a(arm_pid_init_f32.o)
                0x08003848                arm_pid_init_f32
 .text.__libc_init_array
                0x08003894       0x48 c:/program files (x86)/atollic/truestudio for stm32 9.1.0/armtools/bin/../lib/gcc/arm-atollic-eabi/6.3.1/../../../../arm-atollic-eabi/lib/armv7e-m/fpu\libc_nano.a(lib_a-init.o)
                0x08003894                __libc_init_array
 .text.memset   0x080038dc       0x10 c:/program files (x86)/atollic/truestudio for stm32 9.1.0/armtools/bin/../lib/gcc/arm-atollic-eabi/6.3.1/../../../../arm-atollic-eabi/lib/armv7e-m/fpu\libc_nano.a(lib_a-memset.o)
                0x080038dc                memset
 *(.glue_7)
 .glue_7        0x080038ec        0x0 linker stubs
 *(.glue_7t)
 .glue_7t       0x080038ec        0x0 linker stubs
 *(.eh_frame)
 .eh_frame      0x080038ec        0x0 c:/program files (x86)/atollic/truestudio for stm32 9.1.0/armtools/bin/../lib/gcc/arm-atollic-eabi/6.3.1/armv7e-m/fpu/crtbegin.o
 *(.init)
 .init          0x080038ec        0x4 c:/program files (x86)/atollic/truestudio for stm32 9.1.0/armtools/bin/../lib/gcc/arm-atollic-eabi/6.3.1/armv7e-m/fpu/crti.o
                0x080038ec                _init
 .init          0x080038f0        0x8 c:/program files (x86)/atollic/truestudio for stm32 9.1.0/armtools/bin/../lib/gcc/arm-atollic-eabi/6.3.1/armv7e-m/fpu/crtn.o
 *(.fini)
 .fini          0x080038f8        0x4 c:/program files (x86)/atollic/truestudio for stm32 9.1.0/armtools/bin/../lib/gcc/arm-atollic-eabi/6.3.1/armv7e-m/fpu/crti.o
                0x080038f8                _fini
 .fini          0x080038fc        0x8 c:/program files (x86)/atollic/truestudio for stm32 9.1.0/armtools/bin/../lib/gcc/arm-atollic-eabi/6.3.1/armv7e-m/fpu/crtn.o
                0x08003904                . = ALIGN (0x4)
                0x08003904                _etext = .

.vfp11_veneer   0x08003904        0x0
 .vfp11_veneer  0x08003904        0x0 linker stubs

.v4_bx          0x08003904        0x0
 .v4_bx         0x08003904        0x0 linker stubs

.iplt           0x08003904        0x0
 .iplt          0x08003904        0x0 c:/program files (x86)/atollic/truestudio for stm32 9.1.0/armtools/bin/../lib/gcc/arm-atollic-eabi/6.3.1/armv7e-m/fpu/crtbegin.o

.rodata         0x08003904       0x58
                0x08003904                . = ALIGN (0x4)
 *(.rodata)
 *(.rodata*)
 .rodata.aPLLMULFactorTable
                0x08003904       0x10 Drivers\STM32F3xx_HAL_Driver\Src\stm32f3xx_hal_rcc.o
                0x08003904                aPLLMULFactorTable
 .rodata.aPredivFactorTable
                0x08003914       0x10 Drivers\STM32F3xx_HAL_Driver\Src\stm32f3xx_hal_rcc.o
                0x08003914                aPredivFactorTable
 .rodata.CSWTCH.45
                0x08003924        0x4 Drivers\STM32F3xx_HAL_Driver\Src\stm32f3xx_hal_uart.o
 .rodata.HAL_UART_MspInit.str1.1
                0x08003928       0x1b Src\stm32f3xx_hal_msp.o
 .rodata.AHBPrescTable
                0x08003943       0x10 Src\system_stm32f3xx.o
                0x08003943                AHBPrescTable
 .rodata.APBPrescTable
                0x08003953        0x8 Src\system_stm32f3xx.o
                0x08003953                APBPrescTable
                0x0800395c                . = ALIGN (0x4)
 *fill*         0x0800395b        0x1 

.rel.dyn        0x0800395c        0x0
 .rel.iplt      0x0800395c        0x0 c:/program files (x86)/atollic/truestudio for stm32 9.1.0/armtools/bin/../lib/gcc/arm-atollic-eabi/6.3.1/armv7e-m/fpu/crtbegin.o

.ARM.extab
 *(.ARM.extab* .gnu.linkonce.armextab.*)

.ARM            0x0800395c        0x0
                0x0800395c                __exidx_start = .
 *(.ARM.exidx*)
                0x0800395c                __exidx_end = .

.preinit_array  0x0800395c        0x0
                0x0800395c                PROVIDE (__preinit_array_start, .)
 *(.preinit_array*)
                0x0800395c                PROVIDE (__preinit_array_end, .)

.init_array     0x0800395c        0x4
                0x0800395c                PROVIDE (__init_array_start, .)
 *(SORT(.init_array.*))
 *(.init_array*)
 .init_array    0x0800395c        0x4 c:/program files (x86)/atollic/truestudio for stm32 9.1.0/armtools/bin/../lib/gcc/arm-atollic-eabi/6.3.1/armv7e-m/fpu/crtbegin.o
                0x08003960                PROVIDE (__init_array_end, .)

.fini_array     0x08003960        0x4
                [!provide]                PROVIDE (__fini_array_start, .)
 *(SORT(.fini_array.*))
 *(.fini_array*)
 .fini_array    0x08003960        0x4 c:/program files (x86)/atollic/truestudio for stm32 9.1.0/armtools/bin/../lib/gcc/arm-atollic-eabi/6.3.1/armv7e-m/fpu/crtbegin.o
                [!provide]                PROVIDE (__fini_array_end, .)
                0x08003964                _sidata = LOADADDR (.data)

.data           0x20000000      0x408 load address 0x08003964
                0x20000000                . = ALIGN (0x4)
                0x20000000                _sdata = .
 *(.data)
 *(.data*)
 .data.uwTickFreq
                0x20000000        0x1 Drivers\STM32F3xx_HAL_Driver\Src\stm32f3xx_hal.o
                0x20000000                uwTickFreq
 *fill*         0x20000001        0x3 
 .data.uwTickPrio
                0x20000004        0x4 Drivers\STM32F3xx_HAL_Driver\Src\stm32f3xx_hal.o
                0x20000004                uwTickPrio
 .data.deadzone_lookup
                0x20000008      0x3fc Src\disp_driver.o
                0x20000008                deadzone_lookup
 .data.SystemCoreClock
                0x20000404        0x4 Src\system_stm32f3xx.o
                0x20000404                SystemCoreClock
                0x20000408                . = ALIGN (0x4)
                0x20000408                _edata = .
                0x08003d6c                _siccmram = LOADADDR (.ccmram)

.igot.plt       0x20000408        0x0 load address 0x08003d6c
 .igot.plt      0x20000408        0x0 c:/program files (x86)/atollic/truestudio for stm32 9.1.0/armtools/bin/../lib/gcc/arm-atollic-eabi/6.3.1/armv7e-m/fpu/crtbegin.o

.ccmram         0x10000000        0x0 load address 0x08003d6c
                0x10000000                . = ALIGN (0x4)
                0x10000000                _sccmram = .
 *(.ccmram)
 *(.ccmram*)
                0x10000000                . = ALIGN (0x4)
                0x10000000                _eccmram = .
                0x10000000                . = ALIGN (0x4)

.bss            0x20000408      0x2e0
                0x20000408                _sbss = .
                0x20000408                __bss_start__ = _sbss
 *(.bss)
 .bss           0x20000408       0x1c c:/program files (x86)/atollic/truestudio for stm32 9.1.0/armtools/bin/../lib/gcc/arm-atollic-eabi/6.3.1/armv7e-m/fpu/crtbegin.o
 *(.bss*)
 *(COMMON)
 COMMON         0x20000424        0x4 Drivers\STM32F3xx_HAL_Driver\Src\stm32f3xx_hal.o
                0x20000424                uwTick
 COMMON         0x20000428      0x2c0 Src\main.o
                0x20000428                hdma_usart2_rx
                0x2000046c                hopamp2
                0x200004a0                hadc2
                0x200004f4                hdma_usart2_tx
                0x20000538                hencoder1
                0x20000544                htim1
                0x20000584                hdriver1
                0x200005f8                htim2
                0x20000638                huart2
                0x200006a8                htim7
                0x200006e8                . = ALIGN (0x4)
                0x200006e8                _ebss = .
                0x200006e8                __bss_end__ = _ebss

._user_heap_stack
                0x200006e8      0x600
                0x200006e8                . = ALIGN (0x4)
                [!provide]                PROVIDE (end, .)
                [!provide]                PROVIDE (_end, .)
                0x200008e8                . = (. + _Min_Heap_Size)
 *fill*         0x200006e8      0x200 
                0x20000ce8                . = (. + _Min_Stack_Size)
 *fill*         0x200008e8      0x400 
                0x20000ce8                . = ALIGN (0x4)

/DISCARD/
 libc.a(*)
 libm.a(*)
 libgcc.a(*)

.ARM.attributes
                0x00000000       0x30
 *(.ARM.attributes)
 .ARM.attributes
                0x00000000       0x22 c:/program files (x86)/atollic/truestudio for stm32 9.1.0/armtools/bin/../lib/gcc/arm-atollic-eabi/6.3.1/armv7e-m/fpu/crti.o
 .ARM.attributes
                0x00000022       0x34 c:/program files (x86)/atollic/truestudio for stm32 9.1.0/armtools/bin/../lib/gcc/arm-atollic-eabi/6.3.1/armv7e-m/fpu/crtbegin.o
 .ARM.attributes
                0x00000056       0x39 Drivers\STM32F3xx_HAL_Driver\Src\stm32f3xx_hal.o
 .ARM.attributes
                0x0000008f       0x39 Drivers\STM32F3xx_HAL_Driver\Src\stm32f3xx_hal_adc_ex.o
 .ARM.attributes
                0x000000c8       0x39 Drivers\STM32F3xx_HAL_Driver\Src\stm32f3xx_hal_cortex.o
 .ARM.attributes
                0x00000101       0x39 Drivers\STM32F3xx_HAL_Driver\Src\stm32f3xx_hal_dma.o
 .ARM.attributes
                0x0000013a       0x39 Drivers\STM32F3xx_HAL_Driver\Src\stm32f3xx_hal_gpio.o
 .ARM.attributes
                0x00000173       0x39 Drivers\STM32F3xx_HAL_Driver\Src\stm32f3xx_hal_opamp.o
 .ARM.attributes
                0x000001ac       0x39 Drivers\STM32F3xx_HAL_Driver\Src\stm32f3xx_hal_rcc.o
 .ARM.attributes
                0x000001e5       0x39 Drivers\STM32F3xx_HAL_Driver\Src\stm32f3xx_hal_rcc_ex.o
 .ARM.attributes
                0x0000021e       0x39 Drivers\STM32F3xx_HAL_Driver\Src\stm32f3xx_hal_tim.o
 .ARM.attributes
                0x00000257       0x39 Drivers\STM32F3xx_HAL_Driver\Src\stm32f3xx_hal_tim_ex.o
 .ARM.attributes
                0x00000290       0x39 Drivers\STM32F3xx_HAL_Driver\Src\stm32f3xx_hal_uart.o
 .ARM.attributes
                0x000002c9       0x39 Drivers\STM32F3xx_HAL_Driver\Src\stm32f3xx_hal_uart_ex.o
 .ARM.attributes
                0x00000302       0x39 Src\disp_driver.o
 .ARM.attributes
                0x0000033b       0x39 Src\encoder.o
 .ARM.attributes
                0x00000374       0x39 Src\main.o
 .ARM.attributes
                0x000003ad       0x39 Src\stm32f3xx_hal_msp.o
 .ARM.attributes
                0x000003e6       0x39 Src\stm32f3xx_it.o
 .ARM.attributes
                0x0000041f       0x39 Src\system_stm32f3xx.o
 .ARM.attributes
                0x00000458       0x21 startup\startup_stm32f303x8.o
 .ARM.attributes
                0x00000479       0x39 C:\Users\eta\STM32Cube\Repository\STM32Cube_FW_F3_V1.9.1\Drivers\CMSIS\Lib\GCC\libarm_cortexM4lf_math.a(arm_pid_init_f32.o)
 .ARM.attributes
                0x000004b2       0x34 c:/program files (x86)/atollic/truestudio for stm32 9.1.0/armtools/bin/../lib/gcc/arm-atollic-eabi/6.3.1/../../../../arm-atollic-eabi/lib/armv7e-m/fpu\libc_nano.a(lib_a-init.o)
 .ARM.attributes
                0x000004e6       0x34 c:/program files (x86)/atollic/truestudio for stm32 9.1.0/armtools/bin/../lib/gcc/arm-atollic-eabi/6.3.1/../../../../arm-atollic-eabi/lib/armv7e-m/fpu\libc_nano.a(lib_a-memset.o)
 .ARM.attributes
                0x0000051a       0x22 c:/program files (x86)/atollic/truestudio for stm32 9.1.0/armtools/bin/../lib/gcc/arm-atollic-eabi/6.3.1/armv7e-m/fpu\libgcc.a(_arm_addsubdf3.o)
 .ARM.attributes
                0x0000053c       0x22 c:/program files (x86)/atollic/truestudio for stm32 9.1.0/armtools/bin/../lib/gcc/arm-atollic-eabi/6.3.1/armv7e-m/fpu\libgcc.a(_arm_muldivdf3.o)
 .ARM.attributes
                0x0000055e       0x22 c:/program files (x86)/atollic/truestudio for stm32 9.1.0/armtools/bin/../lib/gcc/arm-atollic-eabi/6.3.1/armv7e-m/fpu\libgcc.a(_arm_truncdfsf2.o)
 .ARM.attributes
                0x00000580       0x22 c:/program files (x86)/atollic/truestudio for stm32 9.1.0/armtools/bin/../lib/gcc/arm-atollic-eabi/6.3.1/armv7e-m/fpu/crtn.o
OUTPUT(ETA_Kaffedisp_F303.elf elf32-littlearm)

.debug_info     0x00000000    0x1bf50
 .debug_info    0x00000000     0x1016 Drivers\STM32F3xx_HAL_Driver\Src\stm32f3xx_hal.o
 .debug_info    0x00001016     0x2277 Drivers\STM32F3xx_HAL_Driver\Src\stm32f3xx_hal_adc_ex.o
 .debug_info    0x0000328d     0x146e Drivers\STM32F3xx_HAL_Driver\Src\stm32f3xx_hal_cortex.o
 .debug_info    0x000046fb     0x1044 Drivers\STM32F3xx_HAL_Driver\Src\stm32f3xx_hal_dma.o
 .debug_info    0x0000573f      0xf9c Drivers\STM32F3xx_HAL_Driver\Src\stm32f3xx_hal_gpio.o
 .debug_info    0x000066db      0xed1 Drivers\STM32F3xx_HAL_Driver\Src\stm32f3xx_hal_opamp.o
 .debug_info    0x000075ac     0x1b05 Drivers\STM32F3xx_HAL_Driver\Src\stm32f3xx_hal_rcc.o
 .debug_info    0x000090b1      0xe37 Drivers\STM32F3xx_HAL_Driver\Src\stm32f3xx_hal_rcc_ex.o
 .debug_info    0x00009ee8     0x3d14 Drivers\STM32F3xx_HAL_Driver\Src\stm32f3xx_hal_tim.o
 .debug_info    0x0000dbfc     0x1d40 Drivers\STM32F3xx_HAL_Driver\Src\stm32f3xx_hal_tim_ex.o
 .debug_info    0x0000f93c     0x2225 Drivers\STM32F3xx_HAL_Driver\Src\stm32f3xx_hal_uart.o
 .debug_info    0x00011b61     0x113e Drivers\STM32F3xx_HAL_Driver\Src\stm32f3xx_hal_uart_ex.o
 .debug_info    0x00012c9f     0x17df Src\disp_driver.o
 .debug_info    0x0001447e      0xfd6 Src\encoder.o
 .debug_info    0x00015454     0x2842 Src\main.o
 .debug_info    0x00017c96     0x1ea9 Src\stm32f3xx_hal_msp.o
 .debug_info    0x00019b3f     0x15e4 Src\stm32f3xx_it.o
 .debug_info    0x0001b123      0xc24 Src\system_stm32f3xx.o
 .debug_info    0x0001bd47       0x93 startup\startup_stm32f303x8.o
 .debug_info    0x0001bdda      0x176 C:\Users\eta\STM32Cube\Repository\STM32Cube_FW_F3_V1.9.1\Drivers\CMSIS\Lib\GCC\libarm_cortexM4lf_math.a(arm_pid_init_f32.o)

.debug_abbrev   0x00000000     0x3506
 .debug_abbrev  0x00000000      0x2fc Drivers\STM32F3xx_HAL_Driver\Src\stm32f3xx_hal.o
 .debug_abbrev  0x000002fc      0x35c Drivers\STM32F3xx_HAL_Driver\Src\stm32f3xx_hal_adc_ex.o
 .debug_abbrev  0x00000658      0x377 Drivers\STM32F3xx_HAL_Driver\Src\stm32f3xx_hal_cortex.o
 .debug_abbrev  0x000009cf      0x2b0 Drivers\STM32F3xx_HAL_Driver\Src\stm32f3xx_hal_dma.o
 .debug_abbrev  0x00000c7f      0x26b Drivers\STM32F3xx_HAL_Driver\Src\stm32f3xx_hal_gpio.o
 .debug_abbrev  0x00000eea      0x2a0 Drivers\STM32F3xx_HAL_Driver\Src\stm32f3xx_hal_opamp.o
 .debug_abbrev  0x0000118a      0x348 Drivers\STM32F3xx_HAL_Driver\Src\stm32f3xx_hal_rcc.o
 .debug_abbrev  0x000014d2      0x31b Drivers\STM32F3xx_HAL_Driver\Src\stm32f3xx_hal_rcc_ex.o
 .debug_abbrev  0x000017ed      0x3ae Drivers\STM32F3xx_HAL_Driver\Src\stm32f3xx_hal_tim.o
 .debug_abbrev  0x00001b9b      0x310 Drivers\STM32F3xx_HAL_Driver\Src\stm32f3xx_hal_tim_ex.o
 .debug_abbrev  0x00001eab      0x387 Drivers\STM32F3xx_HAL_Driver\Src\stm32f3xx_hal_uart.o
 .debug_abbrev  0x00002232      0x27c Drivers\STM32F3xx_HAL_Driver\Src\stm32f3xx_hal_uart_ex.o
 .debug_abbrev  0x000024ae      0x36f Src\disp_driver.o
 .debug_abbrev  0x0000281d      0x222 Src\encoder.o
 .debug_abbrev  0x00002a3f      0x34a Src\main.o
 .debug_abbrev  0x00002d89      0x29b Src\stm32f3xx_hal_msp.o
 .debug_abbrev  0x00003024      0x23f Src\stm32f3xx_it.o
 .debug_abbrev  0x00003263      0x1cd Src\system_stm32f3xx.o
 .debug_abbrev  0x00003430       0x12 startup\startup_stm32f303x8.o
 .debug_abbrev  0x00003442       0xc4 C:\Users\eta\STM32Cube\Repository\STM32Cube_FW_F3_V1.9.1\Drivers\CMSIS\Lib\GCC\libarm_cortexM4lf_math.a(arm_pid_init_f32.o)

.debug_loc      0x00000000     0x9966
 .debug_loc     0x00000000      0x11b Drivers\STM32F3xx_HAL_Driver\Src\stm32f3xx_hal.o
 .debug_loc     0x0000011b     0x1842 Drivers\STM32F3xx_HAL_Driver\Src\stm32f3xx_hal_adc_ex.o
 .debug_loc     0x0000195d      0x4da Drivers\STM32F3xx_HAL_Driver\Src\stm32f3xx_hal_cortex.o
 .debug_loc     0x00001e37      0x5de Drivers\STM32F3xx_HAL_Driver\Src\stm32f3xx_hal_dma.o
 .debug_loc     0x00002415      0x2ba Drivers\STM32F3xx_HAL_Driver\Src\stm32f3xx_hal_gpio.o
 .debug_loc     0x000026cf      0x404 Drivers\STM32F3xx_HAL_Driver\Src\stm32f3xx_hal_opamp.o
 .debug_loc     0x00002ad3      0x8a8 Drivers\STM32F3xx_HAL_Driver\Src\stm32f3xx_hal_rcc.o
 .debug_loc     0x0000337b      0x422 Drivers\STM32F3xx_HAL_Driver\Src\stm32f3xx_hal_rcc_ex.o
 .debug_loc     0x0000379d     0x31ea Drivers\STM32F3xx_HAL_Driver\Src\stm32f3xx_hal_tim.o
 .debug_loc     0x00006987      0xe85 Drivers\STM32F3xx_HAL_Driver\Src\stm32f3xx_hal_tim_ex.o
 .debug_loc     0x0000780c     0x146f Drivers\STM32F3xx_HAL_Driver\Src\stm32f3xx_hal_uart.o
 .debug_loc     0x00008c7b      0x2fd Drivers\STM32F3xx_HAL_Driver\Src\stm32f3xx_hal_uart_ex.o
 .debug_loc     0x00008f78      0x603 Src\disp_driver.o
 .debug_loc     0x0000957b      0x106 Src\encoder.o
 .debug_loc     0x00009681      0x184 Src\stm32f3xx_hal_msp.o
 .debug_loc     0x00009805       0x7f Src\stm32f3xx_it.o
 .debug_loc     0x00009884       0xe2 Src\system_stm32f3xx.o

.debug_aranges  0x00000000      0xc18
 .debug_aranges
                0x00000000       0xd8 Drivers\STM32F3xx_HAL_Driver\Src\stm32f3xx_hal.o
 .debug_aranges
                0x000000d8      0x150 Drivers\STM32F3xx_HAL_Driver\Src\stm32f3xx_hal_adc_ex.o
 .debug_aranges
                0x00000228       0x90 Drivers\STM32F3xx_HAL_Driver\Src\stm32f3xx_hal_cortex.o
 .debug_aranges
                0x000002b8       0x78 Drivers\STM32F3xx_HAL_Driver\Src\stm32f3xx_hal_dma.o
 .debug_aranges
                0x00000330       0x58 Drivers\STM32F3xx_HAL_Driver\Src\stm32f3xx_hal_gpio.o
 .debug_aranges
                0x00000388       0x60 Drivers\STM32F3xx_HAL_Driver\Src\stm32f3xx_hal_opamp.o
 .debug_aranges
                0x000003e8       0x88 Drivers\STM32F3xx_HAL_Driver\Src\stm32f3xx_hal_rcc.o
 .debug_aranges
                0x00000470       0x38 Drivers\STM32F3xx_HAL_Driver\Src\stm32f3xx_hal_rcc_ex.o
 .debug_aranges
                0x000004a8      0x268 Drivers\STM32F3xx_HAL_Driver\Src\stm32f3xx_hal_tim.o
 .debug_aranges
                0x00000710      0x120 Drivers\STM32F3xx_HAL_Driver\Src\stm32f3xx_hal_tim_ex.o
 .debug_aranges
                0x00000830      0x1a0 Drivers\STM32F3xx_HAL_Driver\Src\stm32f3xx_hal_uart.o
 .debug_aranges
                0x000009d0       0x48 Drivers\STM32F3xx_HAL_Driver\Src\stm32f3xx_hal_uart_ex.o
 .debug_aranges
                0x00000a18       0x40 Src\disp_driver.o
 .debug_aranges
                0x00000a58       0x38 Src\encoder.o
 .debug_aranges
                0x00000a90       0x30 Src\main.o
 .debug_aranges
                0x00000ac0       0x78 Src\stm32f3xx_hal_msp.o
 .debug_aranges
                0x00000b38       0x70 Src\stm32f3xx_it.o
 .debug_aranges
                0x00000ba8       0x28 Src\system_stm32f3xx.o
 .debug_aranges
                0x00000bd0       0x28 startup\startup_stm32f303x8.o
 .debug_aranges
                0x00000bf8       0x20 C:\Users\eta\STM32Cube\Repository\STM32Cube_FW_F3_V1.9.1\Drivers\CMSIS\Lib\GCC\libarm_cortexM4lf_math.a(arm_pid_init_f32.o)

.debug_ranges   0x00000000     0x1140
 .debug_ranges  0x00000000       0xc8 Drivers\STM32F3xx_HAL_Driver\Src\stm32f3xx_hal.o
 .debug_ranges  0x000000c8      0x140 Drivers\STM32F3xx_HAL_Driver\Src\stm32f3xx_hal_adc_ex.o
 .debug_ranges  0x00000208      0x120 Drivers\STM32F3xx_HAL_Driver\Src\stm32f3xx_hal_cortex.o
 .debug_ranges  0x00000328       0xd8 Drivers\STM32F3xx_HAL_Driver\Src\stm32f3xx_hal_dma.o
 .debug_ranges  0x00000400       0x68 Drivers\STM32F3xx_HAL_Driver\Src\stm32f3xx_hal_gpio.o
 .debug_ranges  0x00000468       0x50 Drivers\STM32F3xx_HAL_Driver\Src\stm32f3xx_hal_opamp.o
 .debug_ranges  0x000004b8      0x1d8 Drivers\STM32F3xx_HAL_Driver\Src\stm32f3xx_hal_rcc.o
 .debug_ranges  0x00000690       0x78 Drivers\STM32F3xx_HAL_Driver\Src\stm32f3xx_hal_rcc_ex.o
 .debug_ranges  0x00000708      0x348 Drivers\STM32F3xx_HAL_Driver\Src\stm32f3xx_hal_tim.o
 .debug_ranges  0x00000a50      0x110 Drivers\STM32F3xx_HAL_Driver\Src\stm32f3xx_hal_tim_ex.o
 .debug_ranges  0x00000b60      0x190 Drivers\STM32F3xx_HAL_Driver\Src\stm32f3xx_hal_uart.o
 .debug_ranges  0x00000cf0       0x38 Drivers\STM32F3xx_HAL_Driver\Src\stm32f3xx_hal_uart_ex.o
 .debug_ranges  0x00000d28      0x180 Src\disp_driver.o
 .debug_ranges  0x00000ea8       0x40 Src\encoder.o
 .debug_ranges  0x00000ee8       0xb0 Src\main.o
 .debug_ranges  0x00000f98      0x100 Src\stm32f3xx_hal_msp.o
 .debug_ranges  0x00001098       0x60 Src\stm32f3xx_it.o
 .debug_ranges  0x000010f8       0x18 Src\system_stm32f3xx.o
 .debug_ranges  0x00001110       0x20 startup\startup_stm32f303x8.o
 .debug_ranges  0x00001130       0x10 C:\Users\eta\STM32Cube\Repository\STM32Cube_FW_F3_V1.9.1\Drivers\CMSIS\Lib\GCC\libarm_cortexM4lf_math.a(arm_pid_init_f32.o)

.debug_macro    0x00000000    0x1a942
 .debug_macro   0x00000000      0x366 Drivers\STM32F3xx_HAL_Driver\Src\stm32f3xx_hal.o
 .debug_macro   0x00000366      0x8c2 Drivers\STM32F3xx_HAL_Driver\Src\stm32f3xx_hal.o
 .debug_macro   0x00000c28       0xd6 Drivers\STM32F3xx_HAL_Driver\Src\stm32f3xx_hal.o
 .debug_macro   0x00000cfe       0xb1 Drivers\STM32F3xx_HAL_Driver\Src\stm32f3xx_hal.o
 .debug_macro   0x00000daf       0x2f Drivers\STM32F3xx_HAL_Driver\Src\stm32f3xx_hal.o
 .debug_macro   0x00000dde       0x28 Drivers\STM32F3xx_HAL_Driver\Src\stm32f3xx_hal.o
 .debug_macro   0x00000e06       0x22 Drivers\STM32F3xx_HAL_Driver\Src\stm32f3xx_hal.o
 .debug_macro   0x00000e28       0x87 Drivers\STM32F3xx_HAL_Driver\Src\stm32f3xx_hal.o
 .debug_macro   0x00000eaf       0x51 Drivers\STM32F3xx_HAL_Driver\Src\stm32f3xx_hal.o
 .debug_macro   0x00000f00       0xef Drivers\STM32F3xx_HAL_Driver\Src\stm32f3xx_hal.o
 .debug_macro   0x00000fef       0x6a Drivers\STM32F3xx_HAL_Driver\Src\stm32f3xx_hal.o
 .debug_macro   0x00001059      0x1df Drivers\STM32F3xx_HAL_Driver\Src\stm32f3xx_hal.o
 .debug_macro   0x00001238       0x35 Drivers\STM32F3xx_HAL_Driver\Src\stm32f3xx_hal.o
 .debug_macro   0x0000126d       0x50 Drivers\STM32F3xx_HAL_Driver\Src\stm32f3xx_hal.o
 .debug_macro   0x000012bd      0xd40 Drivers\STM32F3xx_HAL_Driver\Src\stm32f3xx_hal.o
 .debug_macro   0x00001ffd    0x10bfc Drivers\STM32F3xx_HAL_Driver\Src\stm32f3xx_hal.o
 .debug_macro   0x00012bf9       0x43 Drivers\STM32F3xx_HAL_Driver\Src\stm32f3xx_hal.o
 .debug_macro   0x00012c3c       0x46 Drivers\STM32F3xx_HAL_Driver\Src\stm32f3xx_hal.o
 .debug_macro   0x00012c82       0x3c Drivers\STM32F3xx_HAL_Driver\Src\stm32f3xx_hal.o
 .debug_macro   0x00012cbe       0x9c Drivers\STM32F3xx_HAL_Driver\Src\stm32f3xx_hal.o
 .debug_macro   0x00012d5a       0x16 Drivers\STM32F3xx_HAL_Driver\Src\stm32f3xx_hal.o
 .debug_macro   0x00012d70       0x97 Drivers\STM32F3xx_HAL_Driver\Src\stm32f3xx_hal.o
 .debug_macro   0x00012e07      0x30d Drivers\STM32F3xx_HAL_Driver\Src\stm32f3xx_hal.o
 .debug_macro   0x00013114       0xfd Drivers\STM32F3xx_HAL_Driver\Src\stm32f3xx_hal.o
 .debug_macro   0x00013211       0x10 Drivers\STM32F3xx_HAL_Driver\Src\stm32f3xx_hal.o
 .debug_macro   0x00013221       0x52 Drivers\STM32F3xx_HAL_Driver\Src\stm32f3xx_hal.o
 .debug_macro   0x00013273       0x1f Drivers\STM32F3xx_HAL_Driver\Src\stm32f3xx_hal.o
 .debug_macro   0x00013292       0x43 Drivers\STM32F3xx_HAL_Driver\Src\stm32f3xx_hal.o
 .debug_macro   0x000132d5       0x20 Drivers\STM32F3xx_HAL_Driver\Src\stm32f3xx_hal.o
 .debug_macro   0x000132f5      0x1a3 Drivers\STM32F3xx_HAL_Driver\Src\stm32f3xx_hal.o
 .debug_macro   0x00013498       0x10 Drivers\STM32F3xx_HAL_Driver\Src\stm32f3xx_hal.o
 .debug_macro   0x000134a8       0x1c Drivers\STM32F3xx_HAL_Driver\Src\stm32f3xx_hal.o
 .debug_macro   0x000134c4       0x52 Drivers\STM32F3xx_HAL_Driver\Src\stm32f3xx_hal.o
 .debug_macro   0x00013516       0x40 Drivers\STM32F3xx_HAL_Driver\Src\stm32f3xx_hal.o
 .debug_macro   0x00013556       0x10 Drivers\STM32F3xx_HAL_Driver\Src\stm32f3xx_hal.o
 .debug_macro   0x00013566       0x40 Drivers\STM32F3xx_HAL_Driver\Src\stm32f3xx_hal.o
 .debug_macro   0x000135a6       0xd7 Drivers\STM32F3xx_HAL_Driver\Src\stm32f3xx_hal.o
 .debug_macro   0x0001367d       0x16 Drivers\STM32F3xx_HAL_Driver\Src\stm32f3xx_hal.o
 .debug_macro   0x00013693      0x161 Drivers\STM32F3xx_HAL_Driver\Src\stm32f3xx_hal.o
 .debug_macro   0x000137f4       0x49 Drivers\STM32F3xx_HAL_Driver\Src\stm32f3xx_hal.o
 .debug_macro   0x0001383d      0x8ff Drivers\STM32F3xx_HAL_Driver\Src\stm32f3xx_hal.o
 .debug_macro   0x0001413c      0x304 Drivers\STM32F3xx_HAL_Driver\Src\stm32f3xx_hal.o
 .debug_macro   0x00014440      0x13a Drivers\STM32F3xx_HAL_Driver\Src\stm32f3xx_hal.o
 .debug_macro   0x0001457a      0x11b Drivers\STM32F3xx_HAL_Driver\Src\stm32f3xx_hal.o
 .debug_macro   0x00014695      0x1bc Drivers\STM32F3xx_HAL_Driver\Src\stm32f3xx_hal.o
 .debug_macro   0x00014851       0x34 Drivers\STM32F3xx_HAL_Driver\Src\stm32f3xx_hal.o
 .debug_macro   0x00014885       0x3c Drivers\STM32F3xx_HAL_Driver\Src\stm32f3xx_hal.o
 .debug_macro   0x000148c1       0x57 Drivers\STM32F3xx_HAL_Driver\Src\stm32f3xx_hal.o
 .debug_macro   0x00014918      0x884 Drivers\STM32F3xx_HAL_Driver\Src\stm32f3xx_hal.o
 .debug_macro   0x0001519c       0x77 Drivers\STM32F3xx_HAL_Driver\Src\stm32f3xx_hal.o
 .debug_macro   0x00015213       0xcb Drivers\STM32F3xx_HAL_Driver\Src\stm32f3xx_hal.o
 .debug_macro   0x000152de      0x1a0 Drivers\STM32F3xx_HAL_Driver\Src\stm32f3xx_hal.o
 .debug_macro   0x0001547e      0x209 Drivers\STM32F3xx_HAL_Driver\Src\stm32f3xx_hal.o
 .debug_macro   0x00015687       0x5b Drivers\STM32F3xx_HAL_Driver\Src\stm32f3xx_hal.o
 .debug_macro   0x000156e2       0x90 Drivers\STM32F3xx_HAL_Driver\Src\stm32f3xx_hal.o
 .debug_macro   0x00015772      0x17d Drivers\STM32F3xx_HAL_Driver\Src\stm32f3xx_hal.o
 .debug_macro   0x000158ef       0x82 Drivers\STM32F3xx_HAL_Driver\Src\stm32f3xx_hal.o
 .debug_macro   0x00015971       0xd3 Drivers\STM32F3xx_HAL_Driver\Src\stm32f3xx_hal.o
 .debug_macro   0x00015a44      0x6af Drivers\STM32F3xx_HAL_Driver\Src\stm32f3xx_hal.o
 .debug_macro   0x000160f3      0x328 Drivers\STM32F3xx_HAL_Driver\Src\stm32f3xx_hal.o
 .debug_macro   0x0001641b      0x566 Drivers\STM32F3xx_HAL_Driver\Src\stm32f3xx_hal.o
 .debug_macro   0x00016981       0x31 Drivers\STM32F3xx_HAL_Driver\Src\stm32f3xx_hal.o
 .debug_macro   0x000169b2      0x28c Drivers\STM32F3xx_HAL_Driver\Src\stm32f3xx_hal.o
 .debug_macro   0x00016c3e      0x36c Drivers\STM32F3xx_HAL_Driver\Src\stm32f3xx_hal_adc_ex.o
 .debug_macro   0x00016faa      0x342 Drivers\STM32F3xx_HAL_Driver\Src\stm32f3xx_hal_cortex.o
 .debug_macro   0x000172ec      0x342 Drivers\STM32F3xx_HAL_Driver\Src\stm32f3xx_hal_dma.o
 .debug_macro   0x0001762e      0x37a Drivers\STM32F3xx_HAL_Driver\Src\stm32f3xx_hal_gpio.o
 .debug_macro   0x000179a8      0x34a Drivers\STM32F3xx_HAL_Driver\Src\stm32f3xx_hal_opamp.o
 .debug_macro   0x00017cf2      0x366 Drivers\STM32F3xx_HAL_Driver\Src\stm32f3xx_hal_rcc.o
 .debug_macro   0x00018058      0x342 Drivers\STM32F3xx_HAL_Driver\Src\stm32f3xx_hal_rcc_ex.o
 .debug_macro   0x0001839a      0x342 Drivers\STM32F3xx_HAL_Driver\Src\stm32f3xx_hal_tim.o
 .debug_macro   0x000186dc      0x34e Drivers\STM32F3xx_HAL_Driver\Src\stm32f3xx_hal_tim_ex.o
 .debug_macro   0x00018a2a      0x34a Drivers\STM32F3xx_HAL_Driver\Src\stm32f3xx_hal_uart.o
 .debug_macro   0x00018d74      0x342 Drivers\STM32F3xx_HAL_Driver\Src\stm32f3xx_hal_uart_ex.o
 .debug_macro   0x000190b6      0x3b9 Src\disp_driver.o
 .debug_macro   0x0001946f       0x16 Src\disp_driver.o
 .debug_macro   0x00019485       0x12 Src\disp_driver.o
 .debug_macro   0x00019497       0x16 Src\disp_driver.o
 .debug_macro   0x000194ad       0x35 Src\disp_driver.o
 .debug_macro   0x000194e2       0x20 Src\disp_driver.o
 .debug_macro   0x00019502      0x1e1 Src\disp_driver.o
 .debug_macro   0x000196e3       0xd6 Src\disp_driver.o
 .debug_macro   0x000197b9       0x22 Src\disp_driver.o
 .debug_macro   0x000197db      0x351 Src\encoder.o
 .debug_macro   0x00019b2c      0x3b7 Src\main.o
 .debug_macro   0x00019ee3       0x1c Src\main.o
 .debug_macro   0x00019eff      0x342 Src\stm32f3xx_hal_msp.o
 .debug_macro   0x0001a241      0x3b9 Src\stm32f3xx_it.o
 .debug_macro   0x0001a5fa      0x348 Src\system_stm32f3xx.o

.debug_line     0x00000000     0xc68b
 .debug_line    0x00000000      0x8e8 Drivers\STM32F3xx_HAL_Driver\Src\stm32f3xx_hal.o
 .debug_line    0x000008e8     0x149f Drivers\STM32F3xx_HAL_Driver\Src\stm32f3xx_hal_adc_ex.o
 .debug_line    0x00001d87      0x8ea Drivers\STM32F3xx_HAL_Driver\Src\stm32f3xx_hal_cortex.o
 .debug_line    0x00002671      0x9df Drivers\STM32F3xx_HAL_Driver\Src\stm32f3xx_hal_dma.o
 .debug_line    0x00003050      0x8ca Drivers\STM32F3xx_HAL_Driver\Src\stm32f3xx_hal_gpio.o
 .debug_line    0x0000391a      0x8c1 Drivers\STM32F3xx_HAL_Driver\Src\stm32f3xx_hal_opamp.o
 .debug_line    0x000041db      0xc7e Drivers\STM32F3xx_HAL_Driver\Src\stm32f3xx_hal_rcc.o
 .debug_line    0x00004e59      0x8ce Drivers\STM32F3xx_HAL_Driver\Src\stm32f3xx_hal_rcc_ex.o
 .debug_line    0x00005727     0x161c Drivers\STM32F3xx_HAL_Driver\Src\stm32f3xx_hal_tim.o
 .debug_line    0x00006d43      0xd30 Drivers\STM32F3xx_HAL_Driver\Src\stm32f3xx_hal_tim_ex.o
 .debug_line    0x00007a73     0x1127 Drivers\STM32F3xx_HAL_Driver\Src\stm32f3xx_hal_uart.o
 .debug_line    0x00008b9a      0x836 Drivers\STM32F3xx_HAL_Driver\Src\stm32f3xx_hal_uart_ex.o
 .debug_line    0x000093d0      0x8c1 Src\disp_driver.o
 .debug_line    0x00009c91      0x76c Src\encoder.o
 .debug_line    0x0000a3fd      0x8b6 Src\main.o
 .debug_line    0x0000acb3      0x884 Src\stm32f3xx_hal_msp.o
 .debug_line    0x0000b537      0x832 Src\stm32f3xx_it.o
 .debug_line    0x0000bd69      0x753 Src\system_stm32f3xx.o
 .debug_line    0x0000c4bc       0x7f startup\startup_stm32f303x8.o
 .debug_line    0x0000c53b      0x150 C:\Users\eta\STM32Cube\Repository\STM32Cube_FW_F3_V1.9.1\Drivers\CMSIS\Lib\GCC\libarm_cortexM4lf_math.a(arm_pid_init_f32.o)

.debug_str      0x00000000    0x90c36
 .debug_str     0x00000000    0x8b87a Drivers\STM32F3xx_HAL_Driver\Src\stm32f3xx_hal.o
                              0x8bbd4 (size before relaxing)
 .debug_str     0x0008b87a      0xce8 Drivers\STM32F3xx_HAL_Driver\Src\stm32f3xx_hal_adc_ex.o
                              0x8c1cf (size before relaxing)
 .debug_str     0x0008c562      0x2af Drivers\STM32F3xx_HAL_Driver\Src\stm32f3xx_hal_cortex.o
                              0x8bae6 (size before relaxing)
 .debug_str     0x0008c811      0x229 Drivers\STM32F3xx_HAL_Driver\Src\stm32f3xx_hal_dma.o
                              0x8b853 (size before relaxing)
 .debug_str     0x0008ca3a      0x2cd Drivers\STM32F3xx_HAL_Driver\Src\stm32f3xx_hal_gpio.o
                              0x8b7ab (size before relaxing)
 .debug_str     0x0008cd07      0x2d1 Drivers\STM32F3xx_HAL_Driver\Src\stm32f3xx_hal_opamp.o
                              0x8b7c9 (size before relaxing)
 .debug_str     0x0008cfd8      0x3fe Drivers\STM32F3xx_HAL_Driver\Src\stm32f3xx_hal_rcc.o
                              0x8b943 (size before relaxing)
 .debug_str     0x0008d3d6      0x17f Drivers\STM32F3xx_HAL_Driver\Src\stm32f3xx_hal_rcc_ex.o
                              0x8b688 (size before relaxing)
 .debug_str     0x0008d555      0xf60 Drivers\STM32F3xx_HAL_Driver\Src\stm32f3xx_hal_tim.o
                              0x8c5e8 (size before relaxing)
 .debug_str     0x0008e4b5      0x5c6 Drivers\STM32F3xx_HAL_Driver\Src\stm32f3xx_hal_tim_ex.o
                              0x8c046 (size before relaxing)
 .debug_str     0x0008ea7b      0x99a Drivers\STM32F3xx_HAL_Driver\Src\stm32f3xx_hal_uart.o
                              0x8c0d9 (size before relaxing)
 .debug_str     0x0008f415       0xed Drivers\STM32F3xx_HAL_Driver\Src\stm32f3xx_hal_uart_ex.o
                              0x8ba64 (size before relaxing)
 .debug_str     0x0008f502     0x12f5 Src\disp_driver.o
                              0x8cc43 (size before relaxing)
 .debug_str     0x000907f7       0x54 Src\encoder.o
                              0x8b96f (size before relaxing)
 .debug_str     0x0009084b      0x14a Src\main.o
                              0x8daf6 (size before relaxing)
 .debug_str     0x00090995       0x32 Src\stm32f3xx_hal_msp.o
                              0x8c382 (size before relaxing)
 .debug_str     0x000909c7       0xc1 Src\stm32f3xx_it.o
                              0x8ce04 (size before relaxing)
 .debug_str     0x00090a88       0x64 Src\system_stm32f3xx.o
                              0x8b4dc (size before relaxing)
 .debug_str     0x00090aec      0x14a C:\Users\eta\STM32Cube\Repository\STM32Cube_FW_F3_V1.9.1\Drivers\CMSIS\Lib\GCC\libarm_cortexM4lf_math.a(arm_pid_init_f32.o)
                                0x23d (size before relaxing)

.comment        0x00000000       0xec
 .comment       0x00000000       0x7c Drivers\STM32F3xx_HAL_Driver\Src\stm32f3xx_hal.o
                                 0x7d (size before relaxing)
 .comment       0x0000007c       0x7d Drivers\STM32F3xx_HAL_Driver\Src\stm32f3xx_hal_adc_ex.o
 .comment       0x0000007c       0x7d Drivers\STM32F3xx_HAL_Driver\Src\stm32f3xx_hal_cortex.o
 .comment       0x0000007c       0x7d Drivers\STM32F3xx_HAL_Driver\Src\stm32f3xx_hal_dma.o
 .comment       0x0000007c       0x7d Drivers\STM32F3xx_HAL_Driver\Src\stm32f3xx_hal_gpio.o
 .comment       0x0000007c       0x7d Drivers\STM32F3xx_HAL_Driver\Src\stm32f3xx_hal_opamp.o
 .comment       0x0000007c       0x7d Drivers\STM32F3xx_HAL_Driver\Src\stm32f3xx_hal_rcc.o
 .comment       0x0000007c       0x7d Drivers\STM32F3xx_HAL_Driver\Src\stm32f3xx_hal_rcc_ex.o
 .comment       0x0000007c       0x7d Drivers\STM32F3xx_HAL_Driver\Src\stm32f3xx_hal_tim.o
 .comment       0x0000007c       0x7d Drivers\STM32F3xx_HAL_Driver\Src\stm32f3xx_hal_tim_ex.o
 .comment       0x0000007c       0x7d Drivers\STM32F3xx_HAL_Driver\Src\stm32f3xx_hal_uart.o
 .comment       0x0000007c       0x7d Drivers\STM32F3xx_HAL_Driver\Src\stm32f3xx_hal_uart_ex.o
 .comment       0x0000007c       0x7d Src\disp_driver.o
 .comment       0x0000007c       0x7d Src\encoder.o
 .comment       0x0000007c       0x7d Src\main.o
 .comment       0x0000007c       0x7d Src\stm32f3xx_hal_msp.o
 .comment       0x0000007c       0x7d Src\stm32f3xx_it.o
 .comment       0x0000007c       0x7d Src\system_stm32f3xx.o
 .comment       0x0000007c       0x70 C:\Users\eta\STM32Cube\Repository\STM32Cube_FW_F3_V1.9.1\Drivers\CMSIS\Lib\GCC\libarm_cortexM4lf_math.a(arm_pid_init_f32.o)
                                 0x71 (size before relaxing)

.debug_frame    0x00000000     0x243c
 .debug_frame   0x00000000      0x1d0 Drivers\STM32F3xx_HAL_Driver\Src\stm32f3xx_hal.o
 .debug_frame   0x000001d0      0x474 Drivers\STM32F3xx_HAL_Driver\Src\stm32f3xx_hal_adc_ex.o
 .debug_frame   0x00000644      0x120 Drivers\STM32F3xx_HAL_Driver\Src\stm32f3xx_hal_cortex.o
 .debug_frame   0x00000764      0x13c Drivers\STM32F3xx_HAL_Driver\Src\stm32f3xx_hal_dma.o
 .debug_frame   0x000008a0       0xd8 Drivers\STM32F3xx_HAL_Driver\Src\stm32f3xx_hal_gpio.o
 .debug_frame   0x00000978       0xf4 Drivers\STM32F3xx_HAL_Driver\Src\stm32f3xx_hal_opamp.o
 .debug_frame   0x00000a6c      0x140 Drivers\STM32F3xx_HAL_Driver\Src\stm32f3xx_hal_rcc.o
 .debug_frame   0x00000bac       0xa4 Drivers\STM32F3xx_HAL_Driver\Src\stm32f3xx_hal_rcc_ex.o
 .debug_frame   0x00000c50      0x8b8 Drivers\STM32F3xx_HAL_Driver\Src\stm32f3xx_hal_tim.o
 .debug_frame   0x00001508      0x3e4 Drivers\STM32F3xx_HAL_Driver\Src\stm32f3xx_hal_tim_ex.o
 .debug_frame   0x000018ec      0x568 Drivers\STM32F3xx_HAL_Driver\Src\stm32f3xx_hal_uart.o
 .debug_frame   0x00001e54       0xa0 Drivers\STM32F3xx_HAL_Driver\Src\stm32f3xx_hal_uart_ex.o
 .debug_frame   0x00001ef4       0xac Src\disp_driver.o
 .debug_frame   0x00001fa0       0x60 Src\encoder.o
 .debug_frame   0x00002000       0x5c Src\main.o
 .debug_frame   0x0000205c      0x150 Src\stm32f3xx_hal_msp.o
 .debug_frame   0x000021ac       0xcc Src\stm32f3xx_it.o
 .debug_frame   0x00002278       0x38 Src\system_stm32f3xx.o
 .debug_frame   0x000022b0       0x20 C:\Users\eta\STM32Cube\Repository\STM32Cube_FW_F3_V1.9.1\Drivers\CMSIS\Lib\GCC\libarm_cortexM4lf_math.a(arm_pid_init_f32.o)
 .debug_frame   0x000022d0       0x2c c:/program files (x86)/atollic/truestudio for stm32 9.1.0/armtools/bin/../lib/gcc/arm-atollic-eabi/6.3.1/../../../../arm-atollic-eabi/lib/armv7e-m/fpu\libc_nano.a(lib_a-init.o)
 .debug_frame   0x000022fc       0x20 c:/program files (x86)/atollic/truestudio for stm32 9.1.0/armtools/bin/../lib/gcc/arm-atollic-eabi/6.3.1/../../../../arm-atollic-eabi/lib/armv7e-m/fpu\libc_nano.a(lib_a-memset.o)
 .debug_frame   0x0000231c       0xac c:/program files (x86)/atollic/truestudio for stm32 9.1.0/armtools/bin/../lib/gcc/arm-atollic-eabi/6.3.1/armv7e-m/fpu\libgcc.a(_arm_addsubdf3.o)
 .debug_frame   0x000023c8       0x50 c:/program files (x86)/atollic/truestudio for stm32 9.1.0/armtools/bin/../lib/gcc/arm-atollic-eabi/6.3.1/armv7e-m/fpu\libgcc.a(_arm_muldivdf3.o)
 .debug_frame   0x00002418       0x24 c:/program files (x86)/atollic/truestudio for stm32 9.1.0/armtools/bin/../lib/gcc/arm-atollic-eabi/6.3.1/armv7e-m/fpu\libgcc.a(_arm_truncdfsf2.o)
