stm32f3xx_it.c:66:6:SysTick_Handler	8	static
stm32f3xx_it.c:88:6:EXTI1_IRQHandler	0	static
stm32f3xx_it.c:102:6:EXTI4_IRQHandler	0	static
stm32f3xx_it.c:116:6:DMA1_Channel6_IRQHandler	0	static
stm32f3xx_it.c:130:6:DMA1_Channel7_IRQHandler	0	static
stm32f3xx_it.c:144:6:EXTI9_5_IRQHandler	0	static
stm32f3xx_it.c:158:6:TIM2_IRQHandler	0	static
stm32f3xx_it.c:172:6:USART2_IRQHandler	0	static
stm32f3xx_it.c:186:6:TIM7_DAC2_IRQHandler	0	static
stm32f3xx_it.c:199:6:HAL_TIM_PeriodElapsedCallback	0	static
stm32f3xx_it.c:227:6:HAL_GPIO_EXTI_Callback	0	static
