stm32f3xx_hal_msp.c:54:6:HAL_MspInit	16	static
stm32f3xx_hal_msp.c:86:6:HAL_ADC_MspInit	8	static
stm32f3xx_hal_msp.c:103:6:HAL_ADC_MspDeInit	0	static
stm32f3xx_hal_msp.c:120:6:HAL_OPAMP_MspInit	32	static
stm32f3xx_hal_msp.c:146:6:HAL_OPAMP_MspDeInit	0	static
stm32f3xx_hal_msp.c:168:6:HAL_TIM_Base_MspInit	16	static
stm32f3xx_hal_msp.c:199:6:HAL_TIM_Encoder_MspInit	32	static
stm32f3xx_hal_msp.c:232:6:HAL_TIM_MspPostInit	40	static
stm32f3xx_hal_msp.c:267:6:HAL_TIM_Base_MspDeInit	0	static
stm32f3xx_hal_msp.c:298:6:HAL_TIM_Encoder_MspDeInit	8	static
stm32f3xx_hal_msp.c:324:6:HAL_UART_MspInit	40	static
stm32f3xx_hal_msp.c:390:6:HAL_UART_MspDeInit	8	static
